
> bitlinks@0.1.0 build
> next build

   Γû▓ Next.js 15.4.2
   - Environments: .env.local

   Creating an optimized production build ...
 Γ£ô Compiled successfully in 9.0s
   Linting and checking validity of types ...
   Collecting page data ...
   Generating static pages (0/13) ...
node.exe : [Error: An 
error occurred in the 
Server Components 
render. The specific 
message is omitted in 
production builds to 
avoid leaking 
sensitive details. A 
digest property is 
included on this error 
instance which may 
provide additional 
details about the 
nature of the error.] {
At line:1 char:1
+ & "C:\Program 
Files\nodejs/node.exe" 
"C:\Users\7K\AppData\Ro
aming\npm ...
+ ~~~~~~~~~~~~~~~~~~~~~
~~~~~~~~~~~~~~~~~~~~~~~
~~~~~~~~~~~~~~~~~~~~~~~
~~
    + CategoryInfo     
         : 
NotSpecified: ([Er    
ror: An erro...f the e 
   rror.] {:String) 
[], R    emoteException
    + 
FullyQualifiedErrorI   
 d : NativeCommandError
 
  digest: '749413457'
}
Error occurred 
prerendering page "/". 
Read more: https://next
js.org/docs/messages/pr
erender-error
[Error: An error 
occurred in the Server 
Components render. The 
specific message is 
omitted in production 
builds to avoid 
leaking sensitive 
details. A digest 
property is included 
on this error instance 
which may provide 
additional details 
about the nature of 
the error.] {
  digest: '749413457'
}
Export encountered an 
error on /page: /, 
exiting the build.
   Generating static pages (3/13) 
 Γ¿» Next.js build 
worker exited with 
code: 1 and signal: 
null
